// Jest Snapshot v1, https://goo.gl/fbAQLP

exports[`<Title /> should render and match the snapshot 1`] = `
@keyframes animation-0 {
  0% {
    -webkit-transform: translateX(-100%);
    -moz-transform: translateX(-100%);
    -ms-transform: translateX(-100%);
    transform: translateX(-100%);
  }

  50% {
    -webkit-transform: translateX(100%);
    -moz-transform: translateX(100%);
    -ms-transform: translateX(100%);
    transform: translateX(100%);
  }

  100% {
    -webkit-transform: translateX(100%);
    -moz-transform: translateX(100%);
    -ms-transform: translateX(100%);
    transform: translateX(100%);
  }
}

.emotion-0 {
  -webkit-box-pack: justify;
  -webkit-justify-content: space-between;
  justify-content: space-between;
  -webkit-align-items: center;
  -webkit-box-align: center;
  -ms-flex-align: center;
  align-items: center;
}

.emotion-1 {
  display: block;
  background-color: rgba(0, 0, 0, 0.11);
  height: auto;
  margin-top: 0;
  margin-bottom: 0;
  transform-origin: 0 55%;
  -webkit-transform: scale(1, 0.60);
  -moz-transform: scale(1, 0.60);
  -ms-transform: scale(1, 0.60);
  transform: scale(1, 0.60);
  border-radius: 4px/6.7px;
  position: relative;
  overflow: hidden;
  -webkit-mask-image: -webkit-radial-gradient(white, black);
}

.emotion-1:empty:before {
  content: "\\00a0";
}

.emotion-1::after {
  -webkit-animation: animation-0 1.6s linear 0.5s infinite;
  animation: animation-0 1.6s linear 0.5s infinite;
  background: linear-gradient(
            90deg,
            transparent,
            rgba(0, 0, 0, 0.04),
            transparent
          );
  content: '';
  position: absolute;
  -webkit-transform: translateX(-100%);
  -moz-transform: translateX(-100%);
  -ms-transform: translateX(-100%);
  transform: translateX(-100%);
  bottom: 0;
  left: 0;
  right: 0;
  top: 0;
}

<body>
  <div>
    <div
      class="MuiBox-root emotion-0"
      data-testid="title"
    >
      <span
        class="MuiSkeleton-root MuiSkeleton-text MuiSkeleton-wave emotion-1"
        data-testid="skeleton"
        style="height: 40px;"
      />
      <span
        class="MuiSkeleton-root MuiSkeleton-text MuiSkeleton-wave emotion-1"
        data-testid="skeleton"
        style="height: 40px;"
      />
      <span
        class="MuiSkeleton-root MuiSkeleton-text MuiSkeleton-wave emotion-1"
        data-testid="skeleton"
        style="height: 40px;"
      />
    </div>
  </div>
</body>
`;
