// Jest Snapshot v1, https://goo.gl/fbAQLP

exports[`<RepoList /> should render and match the snapshot 1`] = `
.emotion-0.emotion-0 {
  margin: 1.25rem 0;
  padding: 1.25rem;
  border: 1px solid rgba(0, 0, 0, 0.12);
  border-radius: 4px;
}

<body>
  <div>
    <div
      class="emotion-0"
      data-testid="repo-list"
    />
  </div>
</body>
`;
